Yòlu. me I.-No. 6

UNESCO 

COURIER

Social 

Scientists 

Issue 

Joint

Statement 

on 

World 

Tensions

At  the  end  of  June,  Unesco  brought 

to  Paris  eight ; ; eminent
social  scientists  to  consider  the  causes of  nationalistic  aggression
and  the  conditions  necessary  for  international 
understanding.
The  following  statement,  signed  by  each  of  them,  presents  the
opinions  on  which  all  could  agree.  Its  significance 
lies  in  the
that  a  series  of  important  propositions  on  : he  causes  of
fact 
tensions  have  been  formulated  and  agreed  to  by
international 
ideological  allegiances.
social  scientists  widely  differing 

in  their 

The  following  men  signed  the  statement  :

Gordon  W.  Allport,  Professor  of  Psychology,  Harvard  University  ;
Guuerto  Freyre,  Honorary  Professor  of  Sociology,  University  of
Bah ! a, Brazil,  Professor  at  the  Institute  of  Sociology,  University
of  Buenos  Aires,  Argentina  ;  Georges  GurvÍfch,  Professor  of  So-
ciology,  University  of  Strasbourg,  France.  Administrator  of  the
Sociological  Study  Centre,  Paris ;  Max  Horkheimer,  Director  of
the  Institute  of  Social  Research,  New  York  City  ;  Arne  Naess,
Professor  of  Philosophy,  University  of  Oslo, Norway ; John Rick-
man,  M. D.,  Editor,"British 
Journal  of  Medical  Psychology" ;
Harry  Stack  Sullivan, M. D.,  Chairman,  Council  of  Fellows,
Washington  School  of  Psychiatry,  USA,  Editor,"psychiatry 
:
Journal 
the  Operational  Statement  of  Inlerpersonal  Rela-
tions'  ;  Alexander  Szalai,  Professor  of  Sociology,  Unrversity  of
Institute  of  Foreign
Budapest,  Hungary,  President,  Hungarian 
Affairs.

for 

A.. 4 AN 
stage 

has  now 

reached  a
in  his  history  where

he  can  study  scientifically

the  causes of  tensions  that  make
for  war.  The  meeting  OI  this
little  group  is  itself  symptomatic,
representing  as  it  does  the  first
time 
lands,
the  people  of  many 
through  an  international  organi-
their  own  creation,
zation  of 
have  asked  social  scientists 
to
apply  their  knowledge  to  some of
the  major  problems  of  our  time.
Although  we  differ 
the  em-
phases  we  would  give  to  various
parts  of  our  statement  and  in  our
views  as  to  its  comprehensiveness
and 
no  one  OI
us  would  deny  the  importance  of
any  part  of  it.
We  agree 

implementation, 

following

the 

to 

in 

twelve  paragraphs  :

War  not  Necessary

(A)  To 

the  best  of  our  know-
ledge,  there  is  no  evidence  to  in-
that  wars  are  necessary
dicate 
consequences  of
and 
inevitable 
such.  While
"human  nature"as 
in  their  capa-
men  vary  greatly 
temperaments,  we
cities 
and 
there  are  vital 
believe 
needs
to  all  men  which  must
common 
be  fulfilled 
to  establish
in  order 
and  maintain  peace :  men  every-
from
where  want 
free 
hunger  and  disease,  from 
inse-
curity  and  fear ;  men  everywhere
fellowship  and  the  respect
want 
of 
the  cnance
for  personal  growth  and  deve-
lopment.

fellowmen  ; 

to  be 

their 

them 

(B)  The  problem  of  peace  is
the  problem  of  keeping 
group
tensions  and  aggres-
and  national 
sions  within  manageable  propor-
tions  and  of  directing 
to
ends  that  are  at  the  same  time
personally  and  socially  construc-
tive,  so  that  man  will  no  longer
seek  to  exploit  man.  This  goal
cannot  be  achieved  by  surface
reforms  or  isolated  efforts.  Fun-
damental 
social
changes 
organization  and  in  our  ways  of
thinking  are  essential.

in 

Insecurity 

social 

Conflict

inequalities, 

Fosters 
(C)  If  we  are  to  avoid  the  kind
of  aggression  that  leads  to  armed
conflict,  we  must  among  other
things,  so  plan  and  arrange 
the
use  of  modern  productive  puwer
there  will  be
and  resources  that 
justice.  Econo-
maximum 
mic 
insecurities  and
frustrations  create  group  and  na-
tional  conflicts.  All 
is  an
tensions
important 
which  have  often  wrongly 
led
one  group  to  see  another  group
as  a  menace  through 
the  accep-
tance  of  false  images  and  over-
simplified  solutions  and  by  mak-
the
ing  people  susceptible 
scapegoating  appeals  of  dema-
gogues.

source  of 

this 

to 

hindering 

(D)  Modern  wars  between  na-
tions  and  groups  of  nations  are
fostered  by  many  of  the  myths,
traditions  and  symbols  of  nation-
al  pride  handed  down  from  one
generation 
to  another.  A  great
many  current  social  symbols  are
still  nationalistic, 
the
free  movement  of  thought  across
is,
political  boundaries  of  what 
in  fact.  an  interdependent  world.
(E)  Parents  and  teachers  find
to  recognize the extent
tut difficult 
their  own  attitudes
to  which 
and 
acquired
when  they  were  young  and  when
conditions  were  different-are 
no
longer  adequate  to serve  as effect-
iYe  guides  to  action  in  a  chang-

loyalties-often 

in  all 

ing  world.  Education 
its
forms  must  oppose  national  self-
righteousness  and  strive  to  bring
about  a  critical 
and  self-disci-
plined  assessment of  our  own  and
other  forms  of  social  life.

mass  Media  Strong  Ally
(F)  The  development  of  mo-
dern  means  of  swift  and  wide
range  communication 
is  poten-
tially  a  great  aid  to  world  soli-
darity.  Yet  this  development  also
increases  the  danger  that  distor-
tions  of  truth  will  reach  a  great
many  people  who  are  not 
in  a
position  to  discriminate 
true  from
false,  or  to  perceive  that  they  are
being  beguiled  and  misled. 
It
must  be  a  special  responsibility
to  uti-
of  U. N.  organizations 
these  means  of  mass  com-
lize 
an
munication 
adequate  understanding 
the
people  in  other  countries.  This
must  always  be  a  two-way 
traf-
fic.  It  will  aid  the  cause of  peace
if  1IIQ, tions are  enabled 
see
themselves  as  others  see  them.

encourage 
of 

to 

to 

(G)  The  prospect  of  a  contin-'

this 

is  essen-I

status 

uing 
inferior 
to  any  group
tially  unacceptable 
and  other
of  people.  For 
reasons,  neither  colonial  exploi-
tation  nor  oppression  of  minori-
ties  within  a  nation  is  in  the  long
run  compatible  with  world  peace.
As  social  scientists  we  know  of
any  ethnic
that 
no  evidence 
group  is  inherently 

inferior.

(H)  Many  social  scientists  are
studying 
these  problems.  But  so-
cial  scientists  are  still  separated
by  national, 
ideological  and  clas&
differences
differences. 
for  social
have  made  it  difficult 
the
scientists  to  resist  effectively 
emergence  of 
pseudo-scientific
theories  which  have  been  exploit-
ed  by  political 
their
own  ends.

leaders  for 

These 

in 

(I)  Objectivity 

the  social
sciences  is  impossible 
to  achieve
whenever  economic  or  political
forces  induce  the  investigator 
accept  narrow,  partisan 
There 
centrated 
international 
cational  programme.

to
views.
is  urgent  need  for  a  con-
financed
research  and  edu-

adequately, 

Research  Necessary

light 

scientific 

international 

international 

(J)  We  recommend,  for  exam-
ple, 
the  co-operation  of  social
scientists  on  broad  regional  and
levels,  the  creation
international 
university
of  an 
and  a  series  of  world 
institutes
of  the  social  sciences under  inter-
auspices.  We  believe
national 
that 
fact-
finding 
studies  could  contrlbute
useful  information  concerning  the
cultures  of  all  nations  and  bring
insecurities
dangerous 
to 
and  sources  of  tension,  as well  as
legitimate  aspirations  of  people
all  over  the  world.  Equally  cer-
to  be  rewarding  are  studies
tain 
of  educational  methods 
the
home.  the  school,  and  in  youth
organizations  and  other  groups
by  which  the  minds  of  the  young
are  oriented 
or
toward  peace. From  the  dissemin-
the  information 
ation  of 
result-
these  studies,  we  may
from 
ing 
the  emergence  of  con-
anticipate 
crete  proposals  for 
the  guidance
of  national  programmes  of  edu-
cation.

toward  war 

in 

(K)  The  physical  and  biologi-
cal  sciences  in  recent  years  have
impressive  demonstra-
provided 
tions  of 
the  effect  of  research.
Some  of 

the  practical 

results  i

themselves 

the  civilized  world 

to  dismay anu
have  been  rather 
disquiet 
than
to  reduce  its  tensions.  The  scien-
tists  whose  research  has  been
used  in  the  development  of  atom-
are
ic  and  biological  warfare 
for
not 
responsible 
the
a  curse  upon 
launching 
world.  The  situation 
the
reflects 
forces  now  determining 
the  uses
to  which  sciences  can  be  put.
factors  are  concern-
While  other 
ed,  we  hold  that 
the  chances  for
a  constructive  use  of  the  poten-
tialities  of  scientific  and  techno-
logical  developments  will  improve
if  and  when  man 
the
for  understanding
responsibility 
the  forces  which  work  upon  him
and  society  both  from  within  and
from  without.

takes 

Real  Hope  Remains

In 

(L) 

this 

challenge 

confronting

task  of  acquiring
self-knowledge  and  social  insight.
sciences
the  social  sciences-the 
of  Man-have 
to
part 
a  vital 
play.  One  hopeful  sign  to-day  Is
the  bounda-
the  degree  to  which 
ries  between  these  sciences  are
breaking  down  in  the  face  of  the
common 
them.  The  social  scientist 
can
help  make  clear  to  people  of  all
the 
nations 
welfare  of  one  are  ultimately
the  freedom  and
bound  up  with 
the  world
that 
welfare  of  all, 
need  not  continue 
to  be  a  place
where  men  must  either  kill  or
of
be  killed.  Effort 
one's  own  group  can  become
compatible  with  effort 
in  behalf
of  humanity. 

freedom and

in  behalf 

that 

Model of 
brought 
to  Paris  from  the  U. S. A.
for  the  recent  Museums  Congress.

a  mobile museums

Museums

(Continued  from  Page  1.)

(France)  who  spoke  on  the
the  field  of  ar-

in 

rhan 
same  subject 
cheology.

M.  F.  Gysin 

(Switzerland)

the 

training 

spoke  of 
of  scien-
tific  and  technical  personnel  of
Museums  and  M.  T.  Rcusseau
(USA)  reported  on  developments
in  the  field  of  the  restoration  of
reports  cover-
art  works.  Other 
ed  such  subjects  as"Open-Air
(M.  Kjellberg,  Nor-
Museums" 
and  Historic
way),"Museums 
Monuments" 
(Professor  Maiuri,
Italy  and  Dr.  Lorentz,  Poland)
of  a  Museo-
and 
graphic  Documentation  Centre"
(M.  J.  Cain,  France).

the"Creation 

Dr.  Grace  McCann  Morley.
head  of  the  Museum  Section  of
Unesco  and  formerly  Director  of
(USA)  Mu-
the  San  Francisco 
seum  of  Art,  represented  Unesco
at 
the  Conference  and  reported
on  the  work  of  the  organization
in  this  field.

The 

International  Council  of
the
Museums,  which  sponsored 
Conference,  was  formed 
in  Paris
in  November,  1946. It  held  an
in  Mexico,
interim 
November, 
concurrently
with 
the  Second  Session  of  the
Unesco  General  Conference.

conference 

1947, 

I. C. O. M.  works  closely  with
Unesco  in  the  field  of  museogra-
phy  and  serves  as  a  permanent
body  of  experts 
the  UN
Specialized  Agency.  Its  purpose  is
to  further 
tion  among  museums  and  to  be
the  co-ordinating 

international cpera-

their  work.

for 

in 

furthering 

With  Unesco,  I. C. O. M.  believes
that  museums  can  have  great
value 
understand-
ing  among  peoples  and  can  have
strong 
the  educa-
in 
tional 
training  of  both  youth  and
adult.

! hfluence 

John  Rickman, distinguished
British  psychiatrist, was  one of
eight  experts who  met  ear ! !/
this months  at  Unesco House to
arrive  at  a  common  statement
) 1 the basic causes for interna-
tional tensions. In this article
Dr.  Rickman  tells  something oaf
the  meeting  and  of  the state-
ment  prepared  by the experts.

AS  A  PSYCH IA TRIST

SAW TIT

.

J

A 

Report

On 

Tensions 

Meeting

eight  experts,  most  of  them.  professors, 

IMAGINE 
from  different ;
countries  and  belonging  to  different  branches  of  learning,  several
of  whom  had  not  met  before,  though  some  knew  each  other  well :
that  everything  was  set  for  a  slow-moving  and
Would  you  not  think 
"sticky"conference  ?  The  organizers  of  it  started  with  an  experiment
-  as  soon  as  we  sat  down  at  our  table  each  was  asked  to  give  an
account  of  himself 
(not  what  was on  the  Academic  Records,  but  what
we  had  done  with  life). *

Boy
John  RICKMAN, 
Editor,"British 

M.  D.
Journal of

Medical Psychology"

Four  of 

the  eight  of  US  had
been  in  prison,  two  had  to  leave
their  country,  and  two  had  been
tortured  by  the  Nazis.  This  show-
ed  a  bit  of  what 
life  had  done
to  us :  and  these  incidents  helped
to  make  this  matter  of  tensions
a  real  one  to  us.  Incidently  we
felt  after  only  an  hour  or  so
that  we  knew  a  great  deal  about
there  was
each  other  and 
much 
tolerat-
that 
ing  each  other  for.

it  was  worth 

that 

in 

Some  spoke  quietly  as  if  in  a
drawing  room,  one  of  us  as  if  on
a PUU ! u. ;}. Jlè : t. ;.,-
leaned
form-he 
over 
table,
the 
his  arms  swing-
trugeon
ing 
strokes  as  he
propeuea  upon
us  his  appeals 
think
of  ourselves  as  Workers-yes,  but
we  liked  him,  shouting  or  silent,
he  was  so  friendly  and  sincere.
lot  but  we
We  were  a  mixed 
each  felt 
to  be  of
the  others 
worth  as individuals,  and  I  think
this  helped  us  to  see more  deeply
into  each  other's  way  of  looking
at  things.

that  we 

We  then  each  made  a  state-
ment  about  our  views  and  plans
for  research,  and  questioned  each
them.  Then  we
other  about 
parted 
for  a  long  week-end  to
write  our  5, 000  word  statements
which  are  to  come out  as  a  book.
Now  few  things  are  so  dull  as  8
statements  by  experts.  The  reader
is  dragged  over 
the  ground  8
separate  times,  it's  nearly  always
to  give
dreadful.  We  are  trying 
lively
that  book  some  of 
cross  currents 
in
our  discussions ; 
is  the  se-
innovation  of  our
cond  technical 
conference.  Any  contributor 
can
put  in  notes  as  often  as  he  likes'
and  say  what  he  likes  about  the
other's  statements ;  no-one  will  be
his
able 
to  get  away  with 
statement  without 
being  ques-
tioned,  but  he  won't  be  allowed
to  answer  his  challenger.

that  occurred 

this 

the 

Our  opinions  range  from  West
to  East  and  differ  a  great  deal,
but  we  have  quite  a  bit  in  com-
that  despite
mon,  so  much  so 
ideological 
which
were  hot  and  strong,  we  signed  a
common  statement.

differences, 

the 

Here 

in  alphabetical 
last  names),  of  Sociology-

is  an  abstract  :  see  if
you  from  your  experience  have
to  add  on  broad  principle
much 
joint  opinion  of  a  Pro-
to 
taking
fessor  of  Psychology  (I'm 
order  of
them 
their 
two  of 
these-a  Director  of  an
Institute  of  Social  Research,  a
Professor  of  Philosophy,  two  P&Y-
chiatrists,  and  another  Professor
of  Sociology.  Here,  as  I  said,  are
some  abstracts.

The  problem  of  peace  is 

the
problem  of  keeping  group  and
national  aggressions  within  man-
proportions 
ageable 
of
to  ends  that  are
them 
directing 
at  the  same  time  personnally  and
socially  constructive,  so  man  will
no  longer  seek  to  exploit  man.
in  our
Fundamental 

changes 

and 

Afghanistan 

Becomes

Latest  Member 

State

thirty-ninth 

The  Kingdom  of  Afghanistan,
Pakistan,
north-west 
bordering 
has  joined  Unesco,  thus  becoming
full  member
the 
state.  Already  a  member  of 
the
United  Nations,  the  Afghan  Gov-
its  intention  of
ernment  notified 
this  year.
joining  Unesco  earlier 
Austria,  Switzerland  and  Hun-
gary,  which  were  admitted  as
Member-States  in  November,  1947,
have  not  yet  completed  all 
the
formalities  of  acceptance  but  are
treated  as  full  members.  Upon
their  signing  and  depositing 
the
Instrument  of  Acceptance,  Unesco
will  have  forty-two  members.

ways  of  thinking 
organization  are  essential.

and 

in  social

We  must  also  so  plan  and  ar-
range 
the  use  of  modern  pro-
ductive  power  and  resources  that
there  will  be  maximum, 
social
justice.

Modern  wars  between  nations
and  groups  of  nations  are  foster-
ed  by  many  of  the  myths,  tradi-
tions  and  symbols  of  national
pride  handed  down 
from  one
to  another.
generation 

Parents  and 

liV  J. eo-

it

find 

teachers 
\. U. J. J. lvl. 
u 
cognize  the  ex-
cognize  the  ex-
tent 
to  which
their own atti-
tudes  and  loyal-
ac-
ties-often 
when
quired 

ney  were  young  anQ  wnen  even-
ditions  were  different-are 
no
longer  adequate  to  serve as effect-
ive  guides  to  action  in  a  chang-
ing  world.

The  development 

of  modern
means  of  swift  and  wide  range
communication 
is  potentially  a
great  aid  to  world  solidarity.  Yet
increases
this  development  also 
the  danger 
of
truth  will 
reach  a  great  many
people who  are  not  in  a  position
to  discriminate 
false,
or  to  perceive  that 
they  are  being
beguiled  and  misled.

that  distortions 

from 

true 

the  practical 

The  physical 

the  civilized  world 

and  biological
in 
recent  years   have
sciences 
impressive  demonstra-
provided 
the  effect  of  research.
tions  of 
results
Some  of 
to  dismay  and
have  been  rather 
than
disquiet 
tensions.  The
to 
its 
reduce 
scientists  whose 
has
research 
been  used  in  the  development  of
atomic 
and  biological  warfare
are  not 
for 
world.  The  situation 
forces  now  determining 
to  which  science  can  be  put.

launching  a  curse  upon'he

the
the  uses

themselves  responsib : e

reflects 

of  scientific 

While  other 

factors  are  con-
the  chances
cerned,  we  hold  that 
the
for  a  constructive  use  of 
potentialities 
and
technological  developments  will
improve  if  and  when  man 
takes
the  responsibility 
for  understand-
ing  the  forces  which  work  upon
him  and  society  from  within  and
from  without.

It 

insight, 

is  a  task  of  self-knowledge
and  social 
social
the 
sciences-the 
sciences  of  Man
to  play.  The
-  have  a  vital  part 
social  scientist  can  help  make
clear  to  people  of  all  nations  that
the  freedom  and  welfare  of  one
are  ultimately  bound  up  with  the
freedom  and  welfare  of  all,  that
to
the  world  need  not  continue 
be  a  place  where  men  must
either  kill  or  be  killed,  and  that
effort 
in  behalf  of  one's  own
group  can  become  compatible
with  effort 
for  humanity.  And  so
it  goes on...

But  you  will  want  to  know  the
Action  Paragraphs-what  we  pro-
pose should  be  done.  These,  with
the  reasons  why  each  one  was
the  reasons
(without 
put  forward 
they  carry  little  weight)  will  ap-
pear  in  that  book.

Now,  that  first  statement  in  my
the  most  important
the  Conference.  We

view  is  not 
product  of 
were,  above  all,  experimenting
the
(again 
technique  of  conferring-I 
rather
fancy 
that's  about  as  important
a  job  as  any  in  these  days.

is  my  view)  with 

it 

I  don't  only  refer 

to  meetings
that
of  Foreign  Ministers  and 
sort  of  thing-take 
the  case  of
the  last  Committee  you  yourself
to
attended.  Would  you  not 
know  more  about  what 
really
went  on ?  Did  the  Agenda  really
cover  it,  or  the  Resolutions ?

like 

No ?  And  by  the  way,  one  of
the

my  proposals  is  a  study  of 
reporting  of  conferences.

