WHAT 

IS 

UNESCO'S 

ROLE

SOCIAL STUDIES PLANNED

IN 

SCIENTIFIC 

RESEARCH 

?

OF 

AMAZON 

PEOPLES

S

quest,  of  a  task,  service,  or  pur-
pose  specified 
in  each  Mse  and
closely  linked  with  the  Prramme
of  Unesco  as  approved  by 
General  Conference.
Contracts"may 

be  concluded
with  non-governmental  or  semi-
orga-
governmental 
nizations  which 
have been  grant-
ed  consultative  status  for  :

international 

the

1)  the  organization  of  interna-

conferences, 

tional 
congresses,
symposia,  expert  committees,  etc. ;
2)  the  organization  of  the  Ex-

change  of  Persons'programme
through  promotion  and  adminis-
tration  of 
fellow-
ships,  etc. ;

travel  grants, 

3)  the  execution  of  surveys,  in-

vestigations  or  other  studies ;

4)  the  preparation  and  public-
tion  of  periodicals.  books  or  other
material  ;

5)  the  development  of  new  in-

ternational  organization'.

From  a  careful  study  of 

the
above  rules  it  will  be  seen  that
only  under  exceptional  circum-
stances  can  Unesco  funds  be  said
to  be  directly 
involved  in  original
scientific 

research.

them  a  knowledge  of 

Scientists  and  engineers,  when
the  Unesco  Secretariat,
they  join 
instruments  and  slide
leave  their 
rules  behind.  They  only  carry
with 
the
scientific  method,  a 
with  some  of  the  implications  of
science  in  the  modern  world,  and
relations  between
that 
a 
peoples can  be  improved.

familiarity

faith 

concerned  the  necessary  interna-
tional  conventions ;

"encouraging c a-a per a t ion
among the nations in all branche$
c/tnteHectMo  !  act : t ; : ty,  ! 7M' ! M ( ! ! tt9
of intellectual activity, including
the  international  exchange  of  per-
sons  active in the fields of educa-
tion,  sc : ence  and  culture and the
exchange of publications, objects
of  artistic and scientific interest
CKf !  oer 
and other materials of informa-
tion ;

? ? tC [<er ; a ! s  o/tK/orMO-

"initiating  methods  of interna-

tional co-operation calculated to
give  the  people  of all countries
access to  the  printed  and  publish-
ed  materials produced by anv of
them."

To  fulfil 

these  aims,  Unco hay

developed  the 
following  methods
in  the  field  of  the  natural  scion-
ces :

international 

Grants-in-aid  :  A  grant-in-aid 

Is
to  a  non-
an  outright  pavment 
governmental  or  semi-governmen-
tal 
in
furtherance  of  Unesco's  constitu-
tional  objectives  and  general  pro-
gram  of  work,  for  purposes  spe-
cified 
financial 

in  each  case,  and  without

organization 

return.

A  grant-in-aid  may  be  awarded

the  maintaining 

to  internation-
initiating
for 
for 
facilities 

to  give"assistance 
al  organizations 
and  operating 
the
world-wide  pooling  and  co-ordina-
know-
tion  qf already-acquired 
ledge,  the  promotion  of  cultural
interchange, 
the  standardization
of  terms,  techniques  and  appara-
tus ; 
and  ex-
changing  of  living  samples and  in-
animate  objects ;  and  the  upkeep
of  laboratories  and  other  institu-
tions  under  international  control,
interna-
by  means  of  grants 
tional  education,  scientifie 
and
institutions  and  bureaux.
cultural 
It  is  understood  that  no  grants
so  given  may  be  devoted  to  the
expenses  of  original 
research  of
creative  activity  being  carried  out
in  a  country  by  citizens  of  that
in  public  or  private  insti-
country 
financed  by  governmental
tutions 
or  private 
that  coun-
try".

funds  of 

for 

Contracts  :  This 

is  an  arrange-
ment  under  which  Unesco  makes
a  payment 
to  an  educational,
scientific  or  cultural  organization
for  the  fulfilment,  at  Unesco's  re-

Ã˜1azo'Institute

By Dr. Charles Wagley

[Dr.  Charles  Wagley, Columbia University anthropologit, and
Dr.  Eduardo  Galvao of Brazil are carryiufJ out, under, the auspices
of the Unesco Hylean Amazon Project, a communit1/study in the
lower  AmazOn  region  in  Brazil. The survey will aid in the formation
of a research programme 
Amazon  basin by th< ! recent/y'e5tablished I. I. H, A. Before leaving for
Brazil,  Dr.  Wagley  made  the  following observations regarding research
in 

that part of the world. ],

to  be  carried 

out in 

other  areas  of the

vast  uninhabited 

territory,  and  the
region
research  in  many  disciplines  of  the

the  Hylean  Amazon 

of 

the 

the  basic  patterns  ut  me
termine 
to  be  able
present  culture  and 
in 
to  advise  social
future 
planners  as  to  the  feasibility  of
programs  of  change  in 
this  re-
gion.  Like 
the  physiological  orga-
nism,  human  culture  has  envy-
and  envi-
limitations 
ronmental 

peculiar  historial  development

THE 
tropical  environment, 
offer  unusual  circumstances 
social  and  natural  sciences.

the
for

furnish 

Such  research  should  focu  on
man  and  his  past,  present  and
potential  adjustment 
to  the  Ama-
zon  environment.  To  study 
t..'1is
general  problem,  it  will  be  neces-
sary  to  call  upon  many  scientists
with  a  variety  of  specialities.  Bo-
the  plants
tanists  must  study 
which  are  used  now,  which  have
been  used  by  the  Indians 
in  the
past,  and  which  may  be  useful
to  man  in  the  future.
Soil  experts  must 

us
an  analysis  of  the  earth
with 
from  the  point  of  view  of  present
produc-
and 
future  agricultural 
tion,  and  agronomists  must 
tell
us  what 
is  good  and  bad  about
the  present  techniques  of  tilling
the  soil  and  must  seek  new  me-
thods  for  greater  and  more  effec-
tive  production.
Nutritionists 

the
vitamin,  mineral  and  energy  con-
foods  and  will
tent  of  Amazon 
foods  are  appro-
tell  us  what 
priate 
for  the  Amazon.  Physiolo-
gists  will  study  the  energy  output
and  other  physiologically 
deter-
mined 
reactions  of  man  under
Amazon  conditions.  Each  science
to
has  a  definite 
make  to 

this  general  prouiem.

contribution 

study 

will 

in  relation 

By  focusing  on  the  problem  of
to  the  Amazon
man 
environment  we  do  not  limit 
the
number  of  scientists  and  sciences
the
which  would  participate 
program,  but  at 
the  same  time
we  do  not  try  to  work  toward  an
encyclopedic  knowledge  of 
the
Amazon  without 
the  benefit  of  a
limiting  problem.

in 

In  such  a  program,  one  of  the
first  steps  would  seem  to  be  a
study  of 
cul-
ture,  or  way  of  life,  of  the  pre-
sent  population  of 
the  Amazon
Valley.

the  contemporary 

to 

racial  stocks  have  con-
Three 
tributed 
contemporary
the 
Amazon  population,  and  the  mo-
dern  culture  contains 
elements
from  Portugal  or  Spain,
inherited 
from  Africa,  and  from 
the  Ame-
rican 

Indian.

forced 

Newcomers  to  the  Amazon  are
soon 
adopt  many
to 
caboclo  customs  and  habits.  Fur-
any  social  planning
thermore, 
must  take  into  consideration 
the
values,  customs,  beliefs
habits, 
and  in  general  the  organized  way
of 
the  people  who  are
there.

life  of 

Therefore, 

the  problem  of 

the
social  anthropologists 
in  coopera-
in  the
tion  with  other  scientists 
Amazon  would  seem  to  be  two de-

rorunental 
be  handled  with  care.

reactions,  and  It  must

In  order  to  determine  the  basic
culture  of 
region,
the  Amazon 
studies  will  have  to  be  made  by
in  several
social  anthropologists 
Amazon  communities  within 
the
next  few  years.
In  making 

the
following  major  points  must  be
covered :

these  studies 

1)  History  of  the  region ;
2)  Sustenance  and  basic  eco-
nomy 
fishing,
(agriculture, 
collecting  of  forest  products,
commercial  system,  etc.) ;
3)  Diet  and  Food  habits  (objec-
study  of  food  consumed,
tive 

(education, 

4)  Social  Life 

food 
taboos,  preparation  of
foods,  cost,  etiquette,  etc.) ;
fa-
mily  life,  social  position  and
prestige,  social  classes, clubs,
religious  organizations,  neign-
bourt100d  groups,  municipal
and 
solidarity,
etc.) ;
(birth
5)  The 
courtship,
child 
marriage, 
relations  between
the  sexes, old  age, death  and
mourning,  etc.) ;

Individual 
training, 

community 

Life 

6)  Religious  Life 
nizations, 
cults,  mythology  and 
lore,  etc.).

(church  orga-
festivals,
folk-

religious 

; of Information.
Exchangf 

, MLlerrar ;

lajor 

lazon 

Functions

Institute

Inter-American 

:  the  Pan-American  Union,
s-cluding 
of
the 
d 
Agricultural 
 
In-
ternational  Council  of  Scientific
. 
Study
the  International 
) Unions, 

Institute 
the 

Science, 

reau  of  Education  and  Unesco.

After examination 

conference, 
I aspects 

of  scientific
the  International  Bu-
of  the  Institute's  project-
the  Conference  pre-
following  general  re-

ed  activities, 

the 

pared 
1  commendations  :
That  scientific 

expeditions 

: n
the  Hylean  Amazon  be  carried
out  preferably  by  teams  of  scien-
tists  and  in  limited  geographical
areas ;
'That 
matters  of  general 
problems 

research  be concerned  with
interest,  e. g.
to  hydro-bio-

relating 

logy,  the  general  nutritional 
con-
ditions  of  the  Amawnian  peoples
and 
problems
connected  therewith  ;

the  agricultural 

That 

in  1948 scientists  appoint-
ed  by  Unesco  carry  out  research
work  in  a  selected  area  of 
the
River  Huallaga  region  of  Peru ;

That 
graphical 
forthwith 
co-operation 
bodies ;

the  formation  of  a  biblio-
in  hand
the
scientific

index  be  put 
at  Manaus  with 
the 

of 

That  a  yearly  sum  be  set  aside
for  the  publication  of  unpublish-
ed works  and  scientific  documents
on  Amazonia.

National  membership 

Institute,  according 
of  its  Convention, 

in 
the
to  the  terms
is  open  to  any

Member  State  of  the  United  Na-
tions  or  a  U. N.  Specialized  Agen-
cy.

The  IIHA  Council  is  the  highest
authority  of  the  Institute,  deter-
mining 
policies,
financial  matters  and
supervising 
receives  the  reports  on  research  in
the  Amazon  basin.

general 

its 

A  seven-member Executive  Com-
mittee  is  designed  to  make  policy
decisions  between  the  meetings  vf
the  Council.

the 

A  Director  of 

Institute  18
to  be  elected,  on  nomination  o1f
the  Executive  Committee,  by  the
the
Council,  and  he  shall  direct 
Institute's 
the
under 
Council's  guidance.

activities 

in 

Although  Unesco's  role 

the
creation  of  the  Institute  was  es-
pecially  a  preparatory  one, 
the
Institute"shall 
conclude,  as  soon
as practicable,  an  agreement  with
Unesco".

The  Convention  also  establish-

Interim  Commission to
the  first  session 

ed  an 
function  until 
f
the  Council  of  the  Institute,  which
be
-  it  was  anticipated-would 
held  in  the  first  half  of  1949.

The  arrow  is  still  the  main  weapon  for  hunting 

in  the  Hylean  Amazon

Region.

