A  contemporary  Brazilian  painting 

inspired  by  the  Tropical  Amazon.

The

Hylean 

AJ

1948 

WORK ! NO PROGRAMME

SET 

FOR 

AMAZON 

INSTITUTE

 >&lt;.  

By 

Dr. 

Frank J. Malina

HEADQUARTERS 

COORDINATOR

HE programme 

the  conclusion  of  the  Iquitos  Con-
remainder  of  1948 following 
the
ference  in  Peru  and  the  meeting  of  the  I. I. H. A.  Interim  Com-
This  program,  directed

of  Unesco's  Hylean  Amazon  Project 

for 

mission  at  Manaus  has  been.  formulated. 
toward 
can  be  divided 
research  planning.

the  final  preparations 
into 

two  major  parts-administrative 

for  the  opening  of  he  I. I. H. A.  in  1949,
planning  and

of 

the 

this  program 

In  Latin  America 

imple-
mentation 
is
carried  out  by  the  Secretariat  of
the 
Interim  Commission  whose
headquarters  are  in  Manaus,  the
Brazilian  city  selected as  the  seat
of  IIHA.

The  staff  of  the  secretariat 

for
1948 has  been provided  by  Unesco
the
and  an  agreement  made  with 
Interim 
this
Commission 
staff  will  carry  out  functions  de-

that 

the 

these  organizations, 

of  the  IIHA  Convention  provides
for  cooperation  with  public  and
private  organizations  engaged  in
to  the  purpose  and
work  related 
Institute.  To
functions 
of 
is  being  made
this  end  contact 
espe-
with 
the  Specialized  Agen-
cially  with 
cies  of  the  U. N. 
such  as  the  FAO
and  WHO,  which  are  especially
interested  in  the  agricultural,  con-
servation  and  health  problems  of
region.  The
this  vast 
IIHA
relationships  between  the 
or-
and 
ganizations  will 
up
without 
the  intermediary  of  Uses-
co.  Coordination  of  the  activities
of  the  U. N.  Specialized  Agencies
the  Hylean  Amazon  will  be
in 
through  already  estab-
achieved 
lished  procedures  between 
the
Specialized  Agencies.

these  intergovernmental 
be  built 

tropical 

Research Planning

it 

Institute 

for 
distant 

It  has  been  realized  that 

is
not  possible  to  project  a  research
into
the 
program 
in
future 
the 
except 
broad  outlines.  Of 
immediate
concern  is  the  definition  of  the
first
Institute's 
year  of  operation, 
the
Iquitos  Conference  set  a  budget
of  approximately  $300, 000.

for  which 

program 

for 

its 

To  assist  with 

these  prepara-
three

tions  Unesco  has  initiated 
surveys  to  guide  the  formulation
the
of 
Interim  Commission 
to  the  first
Council  meeting  of  the  Institute.

recommendations  of 

the 

One  of  the  basic  principles  of
modern  research  requires  a  sur-
vey  of  work  done  by  researchers
the  past  and  now  underway
in 
on  problems  of  interest, 
in  order
to  avoid  unnecessary  repetition
and  duplication  of  effort.  To  this
end  a  bibliographical 
is
being  put  in  hand  which  will  co-
ver  available  published  and  ma-
nuscript  knowledge  on  Amazonic
problems.

index 

The  scope  of 

the  program of

the 
the
IIHA  encompasses  both 
natural  and  social  sciences.  In
the  field  of  social  anthropoMgy.
the  Hylean  Amazon  region  offers
numerous  opportunities 
for  signi-
ficant 
research  on  man.  The  ex-
ploratory  community  study  being
carried  out  at  present 
the
lower  Amazon 
is  described  in  a
separate  article  on  this  page.

in 

At 

Iquitos 

the  Scientific  and
Program  Committee  of  the  Con-
ference 
recommended
that  Unesco,  as a  part  of  its  acti-
vities  during  1948, make  an  expe-
of
riment  with  a"team"survey 

strongly 

a limited 
geographical  area  of
the  Hylean  Amazon.  The  valley
of  the  Rio  Huallaga 
proposed  as  a  suitable 
for 
vian  delegation

location
this  experiment  by  the  Peru-

in Peru wa"

the 

Unesco  obtained  the  services  of
a  Mexican  entomologist,  a  Peru-
vian  botanist,  an  Ecuadorian  an-
thropologist  and  an  U. S.  geogra-
pher  who  made  a  rendezvous  in
Lima 
first  week  of  July
where  they  were  joined  by  a  pa-
thologist  and  geographer  provi-
ded  by  the  Peruvian  Government.
team  01  scienlific  specia-
lists  will  traverse  the  Rio  Hualla-
ga  valley  over  a  period  of  about
inform-
three  months  collecting 
tion 
report  on
the  characteristics  and  potentia-
lities  of  the  valley.

for  an  integrated 

This 

At 

the  IIHA 

the  close  of  1948  Unesco
its  role  of
will  have  concluded 
bringing 
into  being.  In
1949  the  States  Members  of  the
the  major
Institute  will 
portion  of 
the
Institute  and  Unesco  will  make
to  have  studies
arrangements 
for 
Institute 
made  by 
the
purposes  of  its 
program
future 
wIthin 

its  budgetary  means.

the  activities  of 

finance 

the 

Thus  Unesco,  through 
in  bringing 

its  good
together  va-
offices 
rious  nations  at  Iquitos,  Peru,  de-
monstrated  once  again  how  inter--
national  co-operation 
is  possible
when  a  specific  objective  of
common  interest  to d1verse peoples
is  chosen.

Among  the  few  Amazon  industries  are  weaving  and  pottery  making.

the 

fined  by 
Interim  Commis-
sion  on  the  one  hand  and  by
Unesco  on  the  other.  These  func-
and
tions 
are  complementary 
have  as  a  common  objective 
the
of  the  work  of  the  Ins-
'initiation 
titute  on  a  sound  basis  at 
the
earliest  possible  date  in  1949.

Administrative 

Pwnning

regarding 

provisions 

regulations 

Thf administrative 

planning
now  underway  covers  a  diverse
number  of  subjects.  Recommen-
dations  are  being  drafted  to  cover
incorporat-
financial 
ing 
the
the  contribu-
in  which 
currency 
tions  of  Member  States  of 
the
shall  be  payable,  the
Institute 
reserve  or  revolving 
to  be
established  and 
the  proceaures
for  financial  administration.  Staff
the
regulations 
Institute  and  rules  of  procedure
for  the  Council  and  the  Executive
Committee  will  also  be  drafted.

for  personnel  of 

fund 

on 

the 

A  report 

collections 

is  being  prepared 

the  Iquitos  Conference'he
the  Hylean  Amazon 

to
serve  as  a  basis  of  a  special  con-
the  privileges  and
vention 
immunities 
IIHA  with
of 
special  reference  to  the  problem
to  he
of  scientific 
made  by  the  Institute  within 
the
the  Member
of 
jurisdiction 
States.
At 
to
area.  of 
he  served  by 
Institute  was
the 
not  finally  defined,  and  therefore
the  Interim  Commission  was  ins-
to  take  steps,  in  conjunc-
tructed 
in 
tion  with 
the
region, 
the  area.  wa-
tered  by  the  Amazon  and  its  tri-
butaries 
that  can  be  considered
to  have  the  same  biological  cha-
racteristics.  The  map  reproduced
on  this  page  shows  a 
tentative
outline  of 
together  with  the  seat  of  the  Ins-
titute  at  Manaus  (Brazil)  and  the
that  are  to  be
working  centers 
(Ecua-
developed  at  Archidona 
(Brazil),
dor),  Belém  do  Parà 
(Boli-
Iquitos 
(Peru),  Riberalta 
via).  San  Fernando  de  Atabapo
(Co-
(Venezuela)  and  Sibundoy 

the  Hylean Amazon.

the  countries 

to  specify 

lombia).

for 

Each  of  the  States  Members  of
the  Institute  are  to  set  up  nation-
al  bodies 
tile  maintenance
of  relations  between  their  respec-
governments  and
tive  national 
the  institute,  and  for  the  encour-
agement  of  the  study  and  deve-
lopment  of  their  national  sectors
the  integrated
in  accordance  with 
work  programme 
Ins-
the 
of 
for  the  whole  region.
titute 

One  of 

the  important  articles

to  establish  an  Itch
decision  of  several

he recent 

nations 
ternational 

step 

Institute  of  th/Ì,,"
take : >t.
Hylean  Amazon-a 
with  Unesco's  assistance  and  oIl-<
the  initiative  of  its  First  Generate
to  stress  tail,
Conference-serves 
increasingly 
that
role 
in  the  field  4
UnescQ  is  playing 
co-opera
international 
tion.'

important 

scientific 

in 

scientifi

It  may  be useful  to  explain  thjj n
role,  because there  is  col1Siderabl !
misunderstanding 
circles,  as  well  as  amonlt  other,
groups interested  in  Unesco's work 
of  the  position  of  this  Specialized4. F
Agency  of  the  United  Nations  a$
regards  original  scientific  research,
Frequently  Unesco  House  re j
ceives 
letters  and  visits 
people  who  believes  Unesco  cat :.
their
help 
rep
theoretical 
search 
chemistry ;
biology, 
pathology,  soil  science  or  electrj t
cal  engineering.  Also 
:
institutions  often  submit  reques  J
for 
to  support  1W0rthwhil i
scientific  projects  or  publicatio
unfortunatel
usually  awaits  those  who  sub
such  requests.

or  experimental 

Disappointment, 

continue 

resear 

funds 

them 

fro 

to 

in 

Unesco's  role  is  defined  by  1
In 

Constitution. 

field

the 

science  Unesco  aims  at  :
"assuring 

the con$ervation ant !
f) rotection of the world'$ inhertt :. i
ance  of books, work$ of art a1
monuments  of history and $cie
and  recommending  to  the  nati

Some 

Press

Comments

Probably  no  other 

singe
Unesco  project,  has  attracted
such  widespread  public 
inter-
est as the  establishment  of  the
Institute  of  the
International 
Hylean  Amazon.  The 
follow-
ing  are  excerpts  from  a  few
typical  articles  published  dur-
ing  the  past  weeks.

Peter  van  Dresser 
"Scientific  American"  :

in 

the

laboratory in which 

"'... The  Amazon  offers  a  vir-
gin 
the
sciences  and  social techniques
of our civilization, 
perhaps
grown somewhat  more  mature,
may  try  their skill.  The  stakes
in  this effort are the opening
up  of  a  land  very nearly 
size  of the United States-and
at  least equally endowed in
natural  niches..."

the

"La  Cronica",  Lima,  Peru :
that
"... This is the first time 

such  an expedition has been
undertaken  under  the  ausrpices
of a world organization and
the  Peruvian  Government, with
useful  scientific resources  at its
disposal...  Our 
vast  hydra-
graphical regions hide huge
resources  to  be  used  by  matt.
On  this operation 
are  based
the  best  hopes  of a subsequent
the
work 
enterprise."
aims of this great 
(Cal-

to  justify 

The"New 

in  order 

Review" 

cutta)  :

"The  blueprint for 

the  open-

the

the Amazon... marks

ing  of 
the  beginning of perhaps 
most  ambitious of internatio-
nal scientific endeavours...  The
long'orange aspects of the huge
the  civiliz-
concern 
project 
ing  and  settlement of the
Equatorial vastness. which
? uouM  start  M) : th  edMcaCOK o/
would  start with education of
the  primitive 
inhabitants and
the  promotion  of  communica-
tions  by  Mater,  land  and  air
im-
across 
the  now  almost 
penetrable  reaches  along 
the
world's greatest river."
The  Brantford 
Canada)"Expositor" 

(Ontario,

:

"There  is  the  promise of un-

regions

accessible 

is the thrill of high

impenetrable forests.

disclosed resources through
making 
blocked  off for untold centu-
ries  by 
There 
drama 
More  important, it holds 
possibility  of  substantial im-
provement 
in  the  life  of the
people  of South America and,
ultimately, the world at large."

in this undertaking.

the

Unesco  :

Five 

N

I

Of 

Am4

lrHE Conference which

tablished 
Institute 

the 
of 

International
the  Hylea 

i

Amazon  was  convened  by  Un
and 
the  Governments  of  Bra
and  Peru.  Delegates  and  advise
from 
ten  countries  were  prese
Iqui
at  the  meetings,  held 
Peru,  from  April  30  to  May 
1948.

in 

ld

Countries  represented  ncludi
Bolivia,  Brazil,  Colombia,  Ecu -
the  Neth
Italy, 
dot,  France, 
lands,  Peru, 
the  United  Sta
and  Venezuela.  The  Governmen'
of  Great  Britain  and  Switzerlan
sent  accredited  observers  to 
t
Conference.

Six 

international 

organization.

were  officially 

represented, if'

