8

UNESCO 

COURIER

Volume 

I.-No. 

6

The 

Story 

of 

the

United 

Nations 

Radio

..-lr HIS 

tions  calling  the  Peo-
is  the  United  Na-

ples  of 

the  World."

every 

In  practically 

language
under  the  sun  this  statement  has
gone  out  over  the  air,  and  in  the
four  corners  of  the  world  people
have  become  aware  of  this  new
voice  speaking  directly 
to  them.
When.  the  United  Nations  organ-
took  shape,  it  was  made
ization 
it  must  have  its  own
clear  that 
that"we 
radio  system  so 
the
people"whose 
representatives
signed 
the  Charter  could  hear
what  our  governments'spokesmen
were  doing  when  they  met  toge-
ther.

the 

With 

Service  of 

the  co-operation  of 

the
U.  S.  State  Department  and  the
International 
the
Canadian  Broadcasting  Corpora-
facilities  of
tion,  and  later 
the  World  Wide  Broadcasting
Foundation  at  Scituate,  Massa-
chusetts,  the  UN  Radio  Division
was  able  to  establish  a  series  of
transmissions  beamed,  respectiv-
ely, 
rope,  Latin-America,  and  to  the
Soviet  Union.

to  Asia  a. nd Australia, Eu-

From  the  very  first, 

the  United
Nations  Radio  facilities  have  been
at  the  disposal  of  accredited  radio
correspondents  and  of  Delega-
tions  who,  speaking  in  their  own
to
languages,  have  been  able 
own  un-censored
present 
reports 
in  their  own
lands ;  and  many  hundreds  of
and  Delegates
correspondents 
have  availed 
this
the  various
opportunity 
important  meetings 
have
that 
been  held  since.

themselves  of 

to  listeners 

during 

their 

An  accredited'radio 

corres-
pondent  or  delegate  is  able  not
only 
to  speak  over  a  UN  micro-
phone  to  his  own  people,  but  he
the
can  also  avail  himself  of 

United  Nations  Radio 
recording
facilities,  and  prepare  his  mater-
ial  in  advance.  Recording  studio
facilities,  production  guidance,  all
there
freely  available,  and 
are 
has  been  a  tremendous  output  of
information  about  the  United  Na-
tions  from  this  quarter  since  the
United  Nations  entered  into 
the
broadcasting  field.

It 

is  not  enough  to  broadcast
short-wave  :  there  must  be  some
guarantee  that  there  are  listeners,
not  only  short-wave  listeners,  but
listeners  who  can  hear  UN  broad-
casts  on  their  ordinary  medium-
wave  receivers  clearly  and  from
fortuna-
a  familiar  station.  This 
frequently
tely  HIPs been  made 
possible  by 
interested  and
generous  attitude  of  many  of  the
national 
broadcasting  organiza-
tions  and  local  stations.  And  this
has  no  doubt  been  aided  also  by
the  excellence  and  objectivity  of
United  Nations  news  bulletins
that
and 
feature  programmes 
transmitted
have  been  either 
in
overseas  by  short-wave  or, 
some cases, recorded  and  sent  out
for  relay.
by  airmail 

the 

A  special  programme 

in  1947,
celebrating  the  anniversary  of  the
signing  of  the  UN  Charter,  was
languages
the  main 
recorded  in 
of  the  world,  distributed  by  air-
mail,  and  relayed  over  national
and  local  stations.  Another 
im-
portant  programme,  prepared  on
the  eve  of  the  General  Assembly
held  at  Flushing  Meadows  in  the
autumn  of  1947, and  prophetically
and  perhaps  grimly 
TIME 
broadcast
on  gtl  UN  transmitters  and  widely
relayed.

IS  NOW"was 

titled"THE

It  was  estimated 

that,  at  the
time,  probably  over  200  million
people  may  have  heard  this  pro-
it  had  one  of
gramme,  and  that 

Mrs.  Eleanor  Roosevelt  and  France's  Ren√©  Cassin  broadcast 

their

impressions  of  a  U. N.  conference  they  have  attended.

Editors 

Form

Unesco 

Helps 

Schools

World 

Body

The 

Federation
International 
and
of  Newspaper  Publishers 
Editors  was  formally 
constituted
at  Unesco  House  on  June  24 at  a
meeting  attended  by  representa-
tives  of  press  associations  of  12
countries.

Members  present  included  pro-
minent  news  personalities 
from
France,  the  Netherlands,  Switzer-
land.  the  United  Kingdom,  Luxem-
bourg,  Sweden,  Norway,  Den-
mark,  Italy.  Egypt,  Belgium.  The
United  States  was  represented  by
two  observers.

US  Unesco 

Commission

To  Meet 

in  Boston

of 

The  Fifth  Meeting 

the
United  States  National  Commis-
sion  will  be  held 
in  Boston.
Mass.,  September  27-29. Much  of
the  meeting  will  be  devoted  to
in  the
reports  of  the  operations 
the  pre-
United  States  during 
ceeding 
to
the  National  Commission's  plans
for  extending  its  work  during  the
the
forthcoming 
framework 
of  Unesco's  pro-
gramme.

twelve  months  and 

year  within 

In  war-torn 

Lands

equipment 

Further  shipments  of  technical
to
and  educational 
regions  have  been  made
war-hurt 
by  Unesco.  These  supplies, 
in-
tended  as  practical  assistance  to
reconstruction,
the  efforts 
at 
from  Unesco
were  purchased 
the  purpose.
funds  set  aside  for 
Included  are :  394  radios,  268
gramophones,  37  typewriters,  40
epidiascopes,  80  sound  projectors
and  673 sets  of  artists  supplies,
all  of  which  were  bought  in  the
United  States.  The  countries  re-
ceiving  the  allocations  were  Chi-
na,  Poland,  Greece,  Czechoslova-
kia,  the  Philippines, 
Italy,  Hun-
gary  and  Austria.

Additional  materials, 

including
books  on  education,  literature  and
the  arts,  art  reproduction,  music
instruments,  mi-
scores,  musical 
crofilm 
and  microfilm
strips 
projectors,  are  being  purchased  or
awaiting  shipment 
to  the  coun-
tries  named.

The  epidiascopes, which  project
images  of  solid  objects  as  well  as
coloured  pictures,  will  be  used  to
reproduce  pages  of  books,  illus-
trations  and  maps  in  overcrowded
schools  lacking  visual  aids.  Ar-
tists'supplies 
consist  of  oil  and
water  colours  and  canvas  panels.

Dr. 

CHENG

REPORTS

(Continued  from  Page  7,)

In 

furthering 

ten  countries 

the  interchange
of  persons  across  national 
fron-
tiers,  China  has  sent  more  than
two  thousand  students  abroad  to
for  ad-
more  than 
vanced  studies  during 
the  past
the  same  time,
two  years.  At 
China  has  offered  a  number  of
to  Uni-
scholarships-particularly 
ted  States  soldiers  who  fought 
in
increase  understanding
China-to 
country.  Six  Unesco
the 
of 
scholarships 
being
allocated 
to  Chinese  candidates,
Dr.  Cheng  reported.

now 

are 

In  the  same  way,  the  exchange
of  publications  and  literature  be-
tween  China  and  other  countries
has  been  increasing,  Dr.  Cheng
said.  China  has  especially  benefit-
ed  from  gifts  of  books  from  Eng-
land, 
the  United  States  and
France,
In 

the  field  of  museums  and
libraries,  China  still  stands 
to-
day  in  great  need  of  small  po-
pular  institutions  easily  accessible
to 
the  general  public.  Though
there  are  great  showplaces-dis-
playing 
cultural
the  unrivalled 
heritage  of  thousands  of  years-
China  needs  industrial  and  agri-
cultural 
exhibits  which  are  of
practical  use  to  the  people.

Progress  has  been made, against
serious  handicaps  of  finance,  war-
time  dislocation  and  shortage  of
equipment, 
in  developing  audio-
visual  aids  for  education.  Film-

strips,  moving  and  still  pictures,
phonOgTraphs and  radios  are  being
used in  schools on  a  gradually  in-
creasing  scale.
Last  year, 

for  example, 

the

Ministry  of  Education-distributed
some  2, 000 radio  sets  throughout
the  country  where  they  were  most
needed.

China  is  making  a  great  effort
to  promote 
the
United  Nations  and  its  Specialized
Agencies  in  schools,  but  to  date
there  are  no  definite  courses.

teaching  about 

In  the  field  of  international  un-
the  problem  in  Chi-
derstanding, 
na 
is  not  as  great  as  in  some
other  parts  of  the  world.  For  as
long  as  fifty  years  ago,  textbooks
had  been  largely  rid  of  racialist
and  nationalist  expressions.  Uni-
versal 
aggres-
sion  and  hate,  has  always  been
the  strongly  predominant  aspect
of  Chinese education-dating 
back
to  the  time  of  Confucius  who  was
perhaps 
teach  true
internationalism.

love,  rather than 

the  first 

to 

The  Chinese  press  is  co-operat-
ing  very  well  in  helping  acquaint
the  people  with  the  work  of  Unes-
co  and  the  other  United  Nations
branches.  All  of  the  doings  of  the
National  Commission  are  always
fully  reported,  as  is  all  the  news
sent  from  the  Paris  headquarters.
the
Unesco  Field  Science  Co-opera-
tion  Office  in  Nanking  was  fun-
tioning  well,  with  a  sub-office  in
Shanghai.

Dr.  Cheng  declared 

that 

In  general,  Dr.  Cheng  said,  the
National  Commission  in  China 
is
doing  its  best  to  match  the  spirit
of  Unesco  and  to  carry  out  all  the
essential  measures  in  the  Unesco
programme.  His  visit 
to  Paris
would  ensure a  continuing  and  in-
creasing  liaison  between  the  head-
'quarters  and  the  field  where  the

real  effect  of  Unesco's  world  must
be  felt.

Editorial  Offices :  Unesco, 19. Avenue
KIeber. Paris (16eel.
Editor :  S. M. KOFFLER.
Director :  H.  KAPLAN.

All  Reproductions  Authorized

IMPRIMERIE
DU  NEW YORK HERALD TRIBUNB
21. Rue de Berrl. Parla Be

From  a  broadcasting  booth  overlooking  a  U. N.  Session  at  Lake  Suc-
newsmen  prepare  on-the-spot  analyses  of
cess, United  Nations 
proceedings.

Radio 

the  largest  audiences  of  any  sin-
gle  programme.

the  U. S."medium-

One  of  the  most  notable  suc-
cesses of  the UN Radio  Division
has  been  in 
wave"field  with  a  daily  quarter-
hour  programme,"UNITED 
NA-
TIONS  TODAY",  made  up  of
selections  of  the  recorded  voices
of  delegates,  dispatches,  and  in-
terviews  from  UN  meetings  over-
the  news  headlines,
seas,  and 
for  up-
which  has  been  relayed 
wards  of  a  year  throughout 
the
United  States  at  a  good  evening
listening 

time.

As  a  complement 

to  this  daily
a  new  half-hour

summary, 

in'magazine

quarter-hour, 
weekly 
style,  was  developed  for,  and  re-
layed  from  coast  to  coast  by,  the
Canadian  Broadcasting  Corpora-
tion.  Entitled"MEMO 
FROM
LAKE  SUCCESS",  this  UN  pro-
the  voices
gramme  both  carries 
of  UN  Delegates  in  important  de-
bates,  and  dramatizes  episodes in
UN  work  generally.  This  show  is
the  Canadian
fed, 
to 
Broadcasting  Corporation's 
Inter-
national  Service,  to  New  Zealand
the  daily  pro-
and-along  with 
gramme-provides 
the  New  Zea-
land  Broadcasting  Service  with
much  useful  raw  material 
for  a.
weekly  programme  prepared  there
on  United  Nations.

thanks 

Feature 

Programmes

The  output  of  the  United  Na-

has 
important 

tions 
covered  practically
talks
every 
form  of 
broadcasting.  There  are  regular
news  bulletins,  there  are  talk  and
interview  periods,  and  there  are
feature  programmes,
dramatized 
combinations  of  all 
three.  The
inclu-
subject  matter  has  usually 
ded  current  UN  developments.
using  the 
the  broadest
sense and  including  regular  refer-
ences  to, and 
broadcasts  about,
the  Specialized  Agencies,  UNES-
in  particular,  but  also
CO  itself 
FAO,  WHO,  IRO,  and  the  others,
according 
their  activities  at
the  time.

term 

to 

in 

for 

instance, 

To  carry 

through  with 
the
the  Radio  Division  staff
plans, 
twenty
has  included  a  team  of 
or  more  nationalities,  all  of  them
experienced  broadcasters.  The
Director, 
is  a  Cm.-
nadian  ;  the  assistant  director  a
Chilean.  A  Mexican  and  an  In-
dian  share  shifts  on  the  Radio
News  Desk.  Russians  and  Chinese
man  the  Sections  broadcasting  in
those  languages.  Belgians 
join
with 
Frenchmen  ;  Englishmen,
South  Africans,  Canadians,  and

Australians join  with  Americans  ;
and  a  variety  of  Latin-American
nationalities 
combine,  each  ser-
ving,  respectively,  the  French,  En-
glish-language,  and  LatlI1-, Il1eri-
can  programme  of  the  Division.
And 
the
in  addition,  either  on 
staff,  or  on  a  part-time basis,
Arabs,  Swedes,  Danes,  Norwe-
gians,  and  an  increasing  galaxy
of  others  maintain 
the  output  of
special  language  transmissions.  It
is  a  busy,  interested,  picturesque
group  of  people,  proving  by  the
very  job  they  are  doing  how  possi-
ble  international 
cooperation  can
be  on  the  human,  personal  level.

Thousands  of  Listeners

through 

in  direct 

to  provide 

Although  much  remains 

to  be
the
done 
in  order 
United  Nations,  and 
it
all  the  Specialized  Agencies,  with
a  radio  broadcasting  system  that
will  keep  them 
touch
with  the  individual  citizens  of  the
world,  and  although 
it  would  be
unwise  to  over-estimate  what  has
been  accomplished,  it  is  nonethe-
less encouraging  to  see the  extent
to  which  the  UN  has been success-
ful  in  the  field  of  radio  on  sound,
practical 
Its 

are  widely
programmes 
relayed,  are
heard,  are  widely 
widely  followed.  The  proceedings,
which  are  by  no  means  always
entertaining, 
nevertheless
are 
followed  by  thousands  of  people
in  different  parts  of 
the  world ;
and  in  some  circumstances  it  has
been  possible  for  people  in 
the
countries  most  directly  concerned
to  hear  as quickly  as the  audience
in  the  Council  chamber  itself  the
decision  taken  in  respect  to  them-
selves.

lines.

Thus,  during 

the  various  deli-
berations  on  Palestine,  the  argu-
ments  and  voting  in  the  General
Assembly  and  subsequently  in  the
Security  Council  have  been heard
in  Palestine  directly,  and  the  in-
terest  in  these  broadcasts  has  of
course  been  intense.  Daily 
the
letters  come  in  to  the  Radio  Divi-
sion  at  Lake  Success,  and  daily
the 
individual
listener,  and  the  appreciation  of
the  various  broadcasting  organ-
izations  is  made  clear.

interest  of 

the 

"The  United  Nations  calling  the
not  a
the  World"is 
peoples  of 
in  the  wilderness.  It
voice  crying 
loudspeakers  on
from 
is  heard 
village  housetops  and 
the
homes.  Slowly  but  surely  it  is  be-
coming  a  living 
tion,  facts  and  fair  reporting  are
gaining 

force.  Informa-

their  hold.

in 

RATES
is  published  monthly 
the  Public 

Information Section

in  English,

SUBSCRIPTION 
The  UNESCO  COURIER 
French  and  Spanish  by 
of  Unesco.
6-month 
Please  write 

your  country, 
Kl√©ber, Paris-16e, 

to 
or  directly 
France.

subscription : 2 s. 6 d. 

or  $0. 50  or  Fr. frs. 100.

the Unesco agent indicated below for

to  Unesco  House,  19  Avenue

Argentina :  Editorial  Sudamericana S. A..  Alsina 500. Buenos-AirM.
Australia :  H. A. Goddard Ltd.  255a. George St..  Sydney.
Canada :  The Ryerson Press, 299 Queen St.  West, Toronto.
Cuba :  La Casa Belga. R. de Smedt O'RetUy. Habana.
Czechoslovakia 
Denmark :  Einar Murksgaard. 6 N√∂rreitade. Copenhagen.
Great Britain :  H. M.  Stationery Office :  London :  York  House. Kings-
way IRetail Counter Service) ;  P. O. Box 569. London. S. E. I.  (Post
orders !.-Manchester  2 :  39/41 King  Street,-Edinburgh  2 : 13a
Castle Street.-Cardiff 
1 :
Tower Lane.-Belfast 

:  1 St  Andrew's Crescent.-Bristol 
:  80 Chichester Street

:  Librairie F  Topic. 11 Narodni, Prague.

Franee :  Editions A. Pedone. 13 Rue Soufflot. Paris. 5e.
Greece :  Eleftheroudakis. Librairie internationale. Athens.
India :  Oxford Book and Stationery Co.. Scindia House. New Delphi.
Iraq 
; 
Lebanon and Syria :  Librairie unlverselle. AT. Fouad Ier, Beirut.
Low  Countries :  N. V.  Martinus  Nijhoff. Afd.. Fondsamimstratie

Mackenzie and Mackenzie. Booksellers. The Bookshop. Baghdad.

9 Lange Voorhout. The Hague'

Sweden :  Ab. 0. E. Fritzes.  Fredsgatan 2. Stockholm.
Switzerland :  Librairie Payot, Lausanne.

